2026-09-18 22:31:13 - INFO - Logging initialized for nexus_aiops
2026-09-18 22:31:13 - INFO - Log directory: C:\Users\FAVOUR\aiops-mvp\logs
2026-09-18 22:31:13 - INFO - Log level: INFO
2026-09-18 22:31:13 - INFO - Logging utils module loaded
2026-09-18 22:31:13 - INFO - ============================================================
2026-09-18 22:31:13 - INFO - Starting Nexus AIOps v1.0.0
2026-09-18 22:31:13 - INFO - Timestamp: 2026-09-18 22:31:13
2026-09-18 22:31:13 - INFO - Configuration: Environment: production
2026-09-18 22:31:13 - INFO - ============================================================

======================================================================
  🚀 NEXUS AIOPS - Enterprise Autonomous Observability Platform
======================================================================
  🔄 Connecting to MongoDB...
  ✅ MongoDB connection established
✅ MongoDB connected successfully with collections initialized
✅ Initialized 5 approval requests in MongoDB
✅ Initialized 144 demo audit entries
📡 Telemetry: 2 critical, 0 warning, 16 healthy

📍 Access at: http://localhost:5000
   Demo: admin / admin123
   API Docs: http://localhost:5000/api/docs

🚨 PRODUCTION MODE: Use reverse proxy (nginx/Caddy) with HTTPS/TLS

Traceback (most recent call last):
  File "C:\Users\FAVOUR\aiops-mvp\nexus_app.py", line 4015, in <module>
    socketio.run(app, host='0.0.0.0', port=port, debug=False,
  File "C:\Users\FAVOUR\aiops-mvp\.venv\Lib\site-packages\flask_socketio\__init__.py", line 740, in run
    self.wsgi_server.serve_forever()
  File "C:\Users\FAVOUR\aiops-mvp\.venv\Lib\site-packages\gevent\baseserver.py", line 401, in serve_forever
    self.start()
  File "C:\Users\FAVOUR\aiops-mvp\.venv\Lib\site-packages\gevent\baseserver.py", line 339, in start
    self.init_socket()
  File "C:\Users\FAVOUR\aiops-mvp\.venv\Lib\site-packages\gevent\pywsgi.py", line 1672, in init_socket
    StreamServer.init_socket(self)
  File "C:\Users\FAVOUR\aiops-mvp\.venv\Lib\site-packages\gevent\server.py", line 173, in init_socket
    self.socket = self.get_listener(self.address, self.backlog, self.family)
                  ^^^^^^^^^^^^^^^^^^^^^^^^^^^^^^^^^^^^^^^^^^^^^^^^^^^^^^^^^^
  File "C:\Users\FAVOUR\aiops-mvp\.venv\Lib\site-packages\gevent\server.py", line 185, in get_listener
    return _tcp_listener(address, backlog=backlog, reuse_addr=cls.reuse_addr, family=family)
           ^^^^^^^^^^^^^^^^^^^^^^^^^^^^^^^^^^^^^^^^^^^^^^^^^^^^^^^^^^^^^^^^^^^^^^^^^^^^^^^^^
  File "C:\Users\FAVOUR\aiops-mvp\.venv\Lib\site-packages\gevent\server.py", line 264, in _tcp_listener
    sock.bind(address)
  File "C:\Users\FAVOUR\aiops-mvp\.venv\Lib\site-packages\gevent\_socketcommon.py", line 538, in bind
    return self._sock.bind(address)
           ^^^^^^^^^^^^^^^^^^^^^^^^
OSError: [WinError 10048] Only one usage of each socket address (protocol/network address/port) is normally permitted: ('0.0.0.0', 5000)
